// Vitest Snapshot v1, https://vitest.dev/guide/snapshot.html

exports[`SociogramPrompts > selectors > get edge filters 1`] = `
[
  {
    "color": "blue",
    "label": "an edge",
    "value": "1234-5",
  },
]
`;

exports[`SociogramPrompts > selectors > get edges for node type 1`] = `
[
  {
    "color": "blue",
    "label": "an edge",
    "value": "1234-5",
  },
]
`;

exports[`SociogramPrompts > selectors > get highlight variables for node type 1`] = `
[
  {
    "isUsed": false,
    "label": "my_boolean",
    "type": "boolean",
    "value": "1234-1234-3",
  },
  {
    "isUsed": true,
    "label": "other_boolean_2",
    "type": "boolean",
    "value": "1234-1234-4",
  },
  {
    "isUsed": true,
    "label": "other_boolean_4",
    "type": "boolean",
    "value": "1234-1234-5",
  },
]
`;

exports[`SociogramPrompts > selectors > get layout variables for node type 1`] = `
[
  {
    "isUsed": false,
    "label": "my_layout",
    "type": "layout",
    "value": "1234-1234-1",
  },
]
`;
