// Jest Snapshot v1, https://goo.gl/fbAQLP

exports[`<IconOption /> can render 1`] = `
<Radio
  className="type-editor-icon-option"
  disabled={false}
  fieldLabel={null}
  input={Object {}}
  label={
    <Memo(Icon)
      name="add-a-person"
    />
  }
/>
`;
