// Vitest Snapshot v1, https://vitest.dev/guide/snapshot.html

exports[`<Issues /> > will render 1`] = `<div />`;
