// Jest Snapshot v1, https://goo.gl/fbAQLP

exports[`<ProtocolControlBar /> can render 1`] = `"<div class=\\"control-bar\\"><div class=\\"control-bar__secondary-buttons\\"><div><button type=\\"button\\" class=\\"button button--platinum button--has-icon\\"><div class=\\"button__icon\\"><img src=\\"log-out.svg\\" alt=\\"Return to start screen\\"></div><span class=\\"button__content\\">Return to start screen</span></button></div></div><div class=\\"control-bar__primary-buttons\\"></div></div>"`;
