// Vitest Snapshot v1, https://vitest.dev/guide/snapshot.html

exports[`<ProtocolControlBar /> > can render 1`] = `
<div>
  <div
    class="control-bar"
  >
    <div
      class="control-bar__secondary-buttons"
    >
      <div>
        <button
          class="button button--platinum button--has-icon"
          type="button"
        >
          <div
            class="button__icon"
          >
            <img
              alt="Return to start screen"
              src="data:image/svg+xml,%3csvg%20xmlns='http://www.w3.org/2000/svg'%20xmlns:xlink='http://www.w3.org/1999/xlink'%20height='24'%20width='24'%20viewBox='0%200%2024%2024'%3e%3cpath%20fill-rule='evenodd'%20fill='%236d6f76'%20clip-rule='evenodd'%20d='M22,18c0,1.1-0.9,2-2,2h-9c-1.1,0-2-0.9-2-2v-2c0-0.6,0.4-1,1-1c0.6,0,1,0.4,1,1v2h9V6h-9v2c0,0.6-0.4,1-1,1%20C9.4,9,9,8.6,9,8V6c0-1.1,0.9-2,2-2h9c1.1,0,2,0.9,2,2V18z%20M6.7,15.7c-0.4,0.4-1,0.4-1.4,0l-3-3c-0.4-0.4-0.4-1,0-1.4l3-3%20c0.4-0.4,1-0.4,1.4,0c0.4,0.4,0.4,1,0,1.4L5.4,11H15c0.6,0,1,0.4,1,1s-0.4,1-1,1H5.4l1.3,1.3C7.1,14.7,7.1,15.3,6.7,15.7z'/%3e%3c/svg%3e"
            />
          </div>
          <span
            class="button__content"
          >
            Return to start screen
          </span>
        </button>
      </div>
    </div>
    <div
      class="control-bar__primary-buttons"
    />
  </div>
</div>
`;
