// Vitest Snapshot v1, https://vitest.dev/guide/snapshot.html

exports[`<RecentProtocols /> > can render? 1`] = `
<div>
  <div
    class="recent-protocols"
  >
    <div
      class="recent-protocols__welcome"
    >
      <h1>
        Getting Started
      </h1>
      <p>
        Welcome to Network Canvas Architect! To get started, use the buttons above to create a new interview protocol, or open an existing one from elsewhere. When you return to this screen later, recent protocols you have opened will be shown here.
      </p>
    </div>
  </div>
</div>
`;
