// Jest Snapshot v1, https://goo.gl/fbAQLP

exports[`indexes selectors getAssetIndex() extracts asset references into index 1`] = `
Object {
  "stages[12].background.image": "quadrant-1",
  "stages[13].dataSource": "previousInterview-json",
  "stages[14].dataSource": "HIVServices",
  "stages[1].panels[0].dataSource": "existing",
  "stages[1].panels[1].dataSource": "previousInterview-json",
  "stages[20].items[0].content": "click_the_thing",
  "stages[20].items[1].content": "rubberduck",
  "stages[20].items[2].content": "rubberduck",
  "stages[21].items[1].content": "withSound",
  "stages[2].panels[0].dataSource": "previousInterview-csv",
  "stages[3].panels[0].dataSource": "existing",
  "stages[8].dataSource": "HIVServices-csv",
  "stages[9].dataSource": "previousInterview-json",
}
`;

exports[`indexes selectors getEdgeIndex() extracts subject references into type index 1`] = `
Object {
  "stages[11].prompts[0].edges.create": "77199445-9d50-4646-b0bc-6d6b0c0e06bd",
  "stages[11].prompts[0].edges.display[0]": "867127d9-086b-403a-a3e7-2c7d32126546",
  "stages[11].prompts[0].edges.display[1]": "77199445-9d50-4646-b0bc-6d6b0c0e06bd",
  "stages[11].prompts[1].edges.create": "867127d9-086b-403a-a3e7-2c7d32126546",
  "stages[11].prompts[1].edges.display[0]": "77199445-9d50-4646-b0bc-6d6b0c0e06bd",
  "stages[11].prompts[1].edges.display[1]": "867127d9-086b-403a-a3e7-2c7d32126546",
  "stages[11].prompts[2].edges.display[0]": "77199445-9d50-4646-b0bc-6d6b0c0e06bd",
  "stages[11].prompts[2].edges.display[1]": "867127d9-086b-403a-a3e7-2c7d32126546",
  "stages[11].prompts[3].edges.create": "77199445-9d50-4646-b0bc-6d6b0c0e06bd",
  "stages[11].prompts[3].edges.display[0]": "77199445-9d50-4646-b0bc-6d6b0c0e06bd",
  "stages[11].prompts[3].edges.display[1]": "867127d9-086b-403a-a3e7-2c7d32126546",
  "stages[17].subject.type": "77199445-9d50-4646-b0bc-6d6b0c0e06bd",
  "stages[18].subject.type": "867127d9-086b-403a-a3e7-2c7d32126546",
  "stages[19].presets[0].edges.display[0]": "77199445-9d50-4646-b0bc-6d6b0c0e06bd",
  "stages[19].presets[0].edges.display[1]": "867127d9-086b-403a-a3e7-2c7d32126546",
  "stages[19].presets[1].edges.display[0]": "867127d9-086b-403a-a3e7-2c7d32126546",
  "stages[4].prompts[0].createEdge": "77199445-9d50-4646-b0bc-6d6b0c0e06bd",
  "stages[4].prompts[1].createEdge": "867127d9-086b-403a-a3e7-2c7d32126546",
  "stages[5].prompts[0].createEdge": "77199445-9d50-4646-b0bc-6d6b0c0e06bd",
  "stages[5].prompts[1].createEdge": "867127d9-086b-403a-a3e7-2c7d32126546",
}
`;

exports[`indexes selectors getNodeIndex() extracts subject references into type index 1`] = `
Object {
  "stages[10].subject.type": "c93af3fe-9f84-4e85-acb5-5b15f30788c7",
  "stages[11].subject.type": "4aebf73e-95e3-4fd1-95e7-237dcc4a4466",
  "stages[12].subject.type": "eda5e3bb-8e1c-4216-9e06-adc0ff6b7f73",
  "stages[13].subject.type": "4aebf73e-95e3-4fd1-95e7-237dcc4a4466",
  "stages[14].subject.type": "eda5e3bb-8e1c-4216-9e06-adc0ff6b7f73",
  "stages[15].subject.type": "4aebf73e-95e3-4fd1-95e7-237dcc4a4466",
  "stages[16].subject.type": "4aebf73e-95e3-4fd1-95e7-237dcc4a4466",
  "stages[19].subject.type": "4aebf73e-95e3-4fd1-95e7-237dcc4a4466",
  "stages[1].subject.type": "4aebf73e-95e3-4fd1-95e7-237dcc4a4466",
  "stages[2].subject.type": "4aebf73e-95e3-4fd1-95e7-237dcc4a4466",
  "stages[3].subject.type": "eda5e3bb-8e1c-4216-9e06-adc0ff6b7f73",
  "stages[4].subject.type": "4aebf73e-95e3-4fd1-95e7-237dcc4a4466",
  "stages[5].subject.type": "4aebf73e-95e3-4fd1-95e7-237dcc4a4466",
  "stages[6].subject.type": "4aebf73e-95e3-4fd1-95e7-237dcc4a4466",
  "stages[7].subject.type": "eda5e3bb-8e1c-4216-9e06-adc0ff6b7f73",
  "stages[8].subject.type": "eda5e3bb-8e1c-4216-9e06-adc0ff6b7f73",
  "stages[9].subject.type": "4aebf73e-95e3-4fd1-95e7-237dcc4a4466",
}
`;

exports[`indexes selectors getVariableIndex() extracts variables into index 1`] = `
Object {
  "codebook.edge[77199445-9d50-4646-b0bc-6d6b0c0e06bd].variables[e343a91f-628d-4175-870c-957beffa0003].validation.sameAs": "e343a91f-628d-4175-870c-957beffa0002",
  "codebook.ego.variables[9c47f32e-b72f-4b1b-93a2-e29766dc3012].validation.differentFrom": "23a10bcb-bd71-46a1-a36d-4ab80cb5a1d1",
  "codebook.node[4aebf73e-95e3-4fd1-95e7-237dcc4a4466].variables[0e75ec18-2cb1-4606-9f18-034d28b07c19].validation.differentFrom": "6be95f85-c2d9-4daf-9de1-3939418af888",
  "stages[0].form.fields[0].variable": "3377af3f-3c79-41da-9b0b-6570fb519b93",
  "stages[0].form.fields[10].variable": "9c47f32e-b72f-4b1b-93a2-e29766dc3012",
  "stages[0].form.fields[1].variable": "b4956387-cada-412f-9e97-fe352c3cc44e",
  "stages[0].form.fields[2].variable": "f3eb5f0b-84ad-43f0-8db5-9f83cd3a56de",
  "stages[0].form.fields[3].variable": "683ad529-66c6-4c84-8e31-a31452d6b5e9",
  "stages[0].form.fields[4].variable": "f3537457-41a2-4fbf-a1f8-9235b3c1edc6",
  "stages[0].form.fields[5].variable": "7c647977-f2d1-426f-b0c5-6d44c795c554",
  "stages[0].form.fields[6].variable": "67fefac9-561f-454a-8f78-81bd9470efaa",
  "stages[0].form.fields[7].variable": "300a798f-d11b-4195-91ee-3221bc586c0a",
  "stages[0].form.fields[8].variable": "03c54247-aa12-497a-b8f8-c4cb69048455",
  "stages[0].form.fields[9].variable": "23a10bcb-bd71-46a1-a36d-4ab80cb5a1d1",
  "stages[10].form.fields[0].variable": "2377af3f-3c79-41da-9b0b-6570fb519b93",
  "stages[10].form.fields[1].variable": "e3eb5f0b-84ad-43f0-8db5-9f83cd3a56de",
  "stages[10].form.fields[2].variable": "583ad529-66c6-4c84-8e31-a31452d6b5e9",
  "stages[10].form.fields[3].variable": "e3537457-41a2-4fbf-a1f8-9235b3c1edc6",
  "stages[10].form.fields[4].variable": "6c647977-f2d1-426f-b0c5-6d44c795c554",
  "stages[10].form.fields[5].variable": "57fefac9-561f-454a-8f78-81bd9470efaa",
  "stages[10].form.fields[6].variable": "683ad529-66c6-4c84-8e31-a31452dsf74k",
  "stages[10].form.fields[7].variable": "e4e0df51-4b53-4e16-9249-8587537370e9",
  "stages[10].form.fields[8].variable": "720224a3-e2d3-4729-968a-29d3f3e4fca6",
  "stages[11].filter.rules[0].options.attribute": "6be95f85-c2d9-4daf-9de1-3939418af888",
  "stages[11].filter.rules[1].options.attribute": "6be95f85-c2d9-4daf-9de1-3939418af888",
  "stages[11].prompts[0].layout.layoutVariable": "d13ca72d-aefe-4f48-841d-09f020e0e988",
  "stages[11].prompts[1].layout.layoutVariable": "d13ca72d-aefe-4f48-841d-09f020e0e988",
  "stages[11].prompts[2].highlight.variable": "03b03617-46ae-41cb-9462-9acd8a17edd6",
  "stages[11].prompts[2].layout.layoutVariable": "d13ca72d-aefe-4f48-841d-09f020e0e988",
  "stages[11].prompts[3].highlight.variable": "03b03617-46ae-41cb-9462-9acd8a17edd6",
  "stages[11].prompts[3].layout.layoutVariable": "d13ca72d-aefe-4f48-841d-09f020e0e988",
  "stages[12].prompts[0].layout.layoutVariable": "0a5f7952-a9a7-4e87-9353-2d17a592ssss",
  "stages[13].cardOptions.additionalProperties[0].variable": "last_name",
  "stages[13].cardOptions.additionalProperties[1].variable": "age",
  "stages[13].prompts[0].additionalAttributes[0].variable": "ae44b6ba-ad49-4ecf-bf38-b65decfce000",
  "stages[13].prompts[1].additionalAttributes[0].variable": "e1dda563-f6f6-47b7-91cb-31b4c2fdb73a",
  "stages[13].searchOptions.matchProperties[0]": "variableNotInRegistry",
  "stages[13].searchOptions.matchProperties[1]": "nickname",
  "stages[13].searchOptions.matchProperties[2]": "last_name",
  "stages[14].cardOptions.additionalProperties[0].variable": "67132d2b-c371-4c57-a5eb-6520083f9d22",
  "stages[14].cardOptions.additionalProperties[1].variable": "8ee3a187-d4be-458e-8abb-71efcc071949",
  "stages[14].prompts[0].additionalAttributes[0].variable": "55f1fbbe-2fe5-42a7-88fb-9a8e5e659d2f",
  "stages[14].searchOptions.matchProperties[0]": "1e9ce62c-44c5-484d-9c26-0d20cc7d7238",
  "stages[14].searchOptions.matchProperties[1]": "8ee3a187-d4be-458e-8abb-71efcc071949",
  "stages[14].searchOptions.matchProperties[2]": "67132d2b-c371-4c57-a5eb-6520083f9d22",
  "stages[15].filter.rules[0].options.attribute": "6be95f85-c2d9-4daf-9de1-3939418af888",
  "stages[15].prompts[0].variable": "e343a91f-628d-4175-870c-957beffa0152",
  "stages[15].prompts[1].otherVariable": "979c9ad7-74cb-402d-8574-3f0a91c9174d",
  "stages[15].prompts[1].variable": "e343a91f-628d-4175-870c-957beffa0153",
  "stages[15].prompts[2].variable": "e343a91f-628d-4175-870c-957beffa0154",
  "stages[15].prompts[3].binSortOrder[0].property": "0e75ec18-2cb1-4606-9f18-034d28b07c19",
  "stages[15].prompts[3].binSortOrder[1].property": "c5fee926-855d-4419-b5bb-54e89010cea6",
  "stages[15].prompts[3].binSortOrder[2].property": "0ff25001-a2b8-46de-82a9-53143aa00d10",
  "stages[15].prompts[3].bucketSortOrder[0].property": "0e75ec18-2cb1-4606-9f18-034d28b07c19",
  "stages[15].prompts[3].variable": "e343a91f-628d-4175-870c-957beffa0151",
  "stages[15].prompts[4].variable": "4ccba4e2-a246-46ee-a3ff-1c70fb4c449c",
  "stages[16].form.fields[0].variable": "246c4d84-ebd7-41a6-8c1a-ef83938227ba",
  "stages[16].form.fields[1].variable": "9b56bc6d-6b20-4e38-9aab-4057e78e1130",
  "stages[16].form.fields[2].variable": "23c5a7b9-b553-4ff1-b515-6a81999773d2",
  "stages[16].form.fields[3].variable": "ae44b6ba-ad49-4ecf-bf38-b65decfce000",
  "stages[16].form.fields[4].variable": "4ccba4e2-a246-46ee-a3ff-1c70fb4c449c",
  "stages[16].form.fields[5].variable": "490db003-3289-4969-b426-919cefb4cdf0",
  "stages[16].skipLogic.filter.rules[0].options.attribute": "e343a91f-628d-4175-870c-957beffa0153",
  "stages[17].form.fields[0].variable": "e343a91f-628d-4175-870c-957beffa0002",
  "stages[17].form.fields[1].variable": "e343a91f-628d-4175-870c-957beffa0003",
  "stages[17].form.fields[2].variable": "e343a91f-628d-4175-870c-957beffa0004",
  "stages[18].form.fields[0].variable": "d343a91f-628d-4175-870c-957beffa0002",
  "stages[19].presets[0].edges.display[0]": "77199445-9d50-4646-b0bc-6d6b0c0e06bd",
  "stages[19].presets[0].edges.display[1]": "867127d9-086b-403a-a3e7-2c7d32126546",
  "stages[19].presets[0].groupVariable": "e343a91f-628d-4175-870c-957beffa0154",
  "stages[19].presets[0].highlight[0]": "03b03617-46ae-41cb-9462-9acd8a17edd6",
  "stages[19].presets[0].highlight[1]": "ae44b6ba-ad49-4ecf-bf38-b65decfce000",
  "stages[19].presets[0].layoutVariable": "d13ca72d-aefe-4f48-841d-09f020e0e988",
  "stages[19].presets[1].edges.display[0]": "867127d9-086b-403a-a3e7-2c7d32126546",
  "stages[19].presets[1].groupVariable": "e343a91f-628d-4175-870c-957beffa0154",
  "stages[19].presets[1].highlight[0]": "03b03617-46ae-41cb-9462-9acd8a17edd6",
  "stages[19].presets[1].layoutVariable": "e13ca72d-aefe-4f48-841d-09f020e0e987",
  "stages[1].form.fields[0].variable": "6be95f85-c2d9-4daf-9de1-3939418af888",
  "stages[1].form.fields[1].variable": "0e75ec18-2cb1-4606-9f18-034d28b07c19",
  "stages[1].form.fields[2].variable": "c5fee926-855d-4419-b5bb-54e89010cea6",
  "stages[1].form.fields[3].variable": "e343a91f-628d-4175-870c-957beffa0154",
  "stages[1].prompts[0].additionalAttributes[0].variable": "ae44b6ba-ad49-4ecf-bf38-b65decfce000",
  "stages[1].prompts[0].additionalAttributes[1].variable": "94e2dee9-1c25-4b64-b8bb-4946465c3c07",
  "stages[1].prompts[1].additionalAttributes[0].variable": "94e2dee9-1c25-4b64-b8bb-4946465c3c07",
  "stages[23].skipLogic.filter.rules[0].options.attribute": "6be95f85-c2d9-4daf-9de1-3939418af888",
  "stages[23].skipLogic.filter.rules[1].options.attribute": "3377af3f-3c79-41da-9b0b-6570fb519b93",
  "stages[2].form.fields[0].variable": "6be95f85-c2d9-4daf-9de1-3939418af888",
  "stages[2].form.fields[1].variable": "0e75ec18-2cb1-4606-9f18-034d28b07c19",
  "stages[2].form.fields[2].variable": "c5fee926-855d-4419-b5bb-54e89010cea6",
  "stages[3].prompts[0].additionalAttributes[0].variable": "55f1fbbe-2fe5-42a7-88fb-9a8e5e659d2f",
  "stages[3].quickAdd": "66646d68-cd33-407b-a349-56707021df72",
  "stages[5].prompts[0].edgeVariable": "e343a91f-628d-4175-870c-75429857399e",
  "stages[5].prompts[1].edgeVariable": "f984jk23-628d-4175-870c-ejd8e7al8vc3",
  "stages[6].filter.rules[0].options.attribute": "ae44b6ba-ad49-4ecf-bf38-b65decfce000",
  "stages[6].prompts[0].binSortOrder[0].property": "0e75ec18-2cb1-4606-9f18-034d28b07c19",
  "stages[6].prompts[0].binSortOrder[1].property": "c5fee926-855d-4419-b5bb-54e89010cea6",
  "stages[6].prompts[0].bucketSortOrder[0].property": "0e75ec18-2cb1-4606-9f18-034d28b07c19",
  "stages[6].prompts[0].variable": "1096204b-48fe-444c-b642-4ab211f7f57c",
  "stages[6].prompts[1].variable": "23c5a7b9-b553-4ff1-b515-6a81999773d2",
  "stages[7].prompts[0].variable": "a39a86ef-18c7-4545-8fbc-d0e5894565d0",
  "stages[9].cardOptions.additionalProperties[0].variable": "last_name",
  "stages[9].cardOptions.additionalProperties[1].variable": "age",
  "stages[9].prompts[0].additionalAttributes[0].variable": "ae44b6ba-ad49-4ecf-bf38-b65decfce000",
}
`;
